[v3.webcasters.com.br/Login92be.html]
[v3.webcasters.com.br/NajaNET/Naja_System,v1.2.1.31739.js]
[v3.webcasters.com.br/NajaNET/Naja_System.Methods,v1.2.1.31739.20171229105908.js]
[v3.webcasters.com.br/favicon.ico]
[backblue.gif]
[fade.gif]
[index.html]
[v3.webcasters.com.br/css/estilo_ajax.css]
[v3.webcasters.com.br/Bundles/PublicadorLibad01]
[v3.webcasters.com.br/Bundles/tools99a0]
[v3.webcasters.com.br/Bundles/SelecionaClientee9a3]
[v3.webcasters.com.br/Bundles/VisualizarConferencias2a97]
[v3.webcasters.com.br/branco.html]
[v3.webcasters.com.br/Login.html]
[v3.webcasters.com.br/index.html]
[v3.webcasters.com.br/clientes/Estacio/templatesLogin/1058_2E74930C1650B088E4DC175BBABC1E6D/index.html]
[v3.webcasters.com.br/Login92be.html]
[v3.webcasters.com.br/NajaNET/Naja_System,v1.2.1.31739.js]
[v3.webcasters.com.br/NajaNET/Naja_System.Methods,v1.2.1.31739.20171229105908.js]
[v3.webcasters.com.br/css/estilo_ajax.css]
[v3.webcasters.com.br/index.html]
[v3.webcasters.com.br/branco.html]
[v3.webcasters.com.br/Login.html]
[v3.webcasters.com.br/winLoginSenhaPadrao.html]
[v3.webcasters.com.br/winLoginAbertoPadrao.html]
[v3.webcasters.com.br/NajaNET/Naja_System.Methods,v1.2.1.31739.20171229105913.js]
[v3.webcasters.com.br/clientes/Estacio/templatesLogin/1058_2E74930C1650B088E4DC175BBABC1E6D/logo.png]
[v3.webcasters.com.br/clientes/Estacio/templatesLogin/1058_2E74930C1650B088E4DC175BBABC1E6D/index.html]
[v3.webcasters.com.br/NajaNET/Naja_System.Methods,v1.2.1.31739.20171229105913.js]
[v3.webcasters.com.br/clientes/Estacio/templatesLogin/1058_2E74930C1650B088E4DC175BBABC1E6D/cidades-estados-1.0-utf8.html]
